src/components/views/Administration.tsx(157,45): error TS2345: Argument of type '"delete"' is not assignable to parameter of type '"insert" | "insertQuotation" | "sendSupplierEmail" | "updateSupplierRates" | "update"'.
